// Jest Snapshot v1, https://goo.gl/fbAQLP

exports[`Card renders 1`] = `
<h3>
  title
</h3>
`;
